------------------------------------------------------------
Timing Analyzer Summary
------------------------------------------------------------

Type  : Slow 1200mV 85C Model Setup 'clk'
Slack : 11.430
TNS   : 0.000

Type  : Slow 1200mV 85C Model Setup 'inst_Masterclock|altpll_component|auto_generated|pll1|clk[0]'
Slack : 185.075
TNS   : 0.000

Type  : Slow 1200mV 85C Model Hold 'clk'
Slack : 0.451
TNS   : 0.000

Type  : Slow 1200mV 85C Model Hold 'inst_Masterclock|altpll_component|auto_generated|pll1|clk[0]'
Slack : 0.499
TNS   : 0.000

Type  : Slow 1200mV 85C Model Minimum Pulse Width 'clk'
Slack : 9.783
TNS   : 0.000

Type  : Slow 1200mV 85C Model Minimum Pulse Width 'inst_Masterclock|altpll_component|auto_generated|pll1|clk[0]'
Slack : 97.375
TNS   : 0.000

Type  : Slow 1200mV 0C Model Setup 'clk'
Slack : 11.788
TNS   : 0.000

Type  : Slow 1200mV 0C Model Setup 'inst_Masterclock|altpll_component|auto_generated|pll1|clk[0]'
Slack : 185.660
TNS   : 0.000

Type  : Slow 1200mV 0C Model Hold 'clk'
Slack : 0.400
TNS   : 0.000

Type  : Slow 1200mV 0C Model Hold 'inst_Masterclock|altpll_component|auto_generated|pll1|clk[0]'
Slack : 0.467
TNS   : 0.000

Type  : Slow 1200mV 0C Model Minimum Pulse Width 'clk'
Slack : 9.772
TNS   : 0.000

Type  : Slow 1200mV 0C Model Minimum Pulse Width 'inst_Masterclock|altpll_component|auto_generated|pll1|clk[0]'
Slack : 97.372
TNS   : 0.000

Type  : Fast 1200mV 0C Model Setup 'clk'
Slack : 15.999
TNS   : 0.000

Type  : Fast 1200mV 0C Model Setup 'inst_Masterclock|altpll_component|auto_generated|pll1|clk[0]'
Slack : 190.603
TNS   : 0.000

Type  : Fast 1200mV 0C Model Hold 'clk'
Slack : 0.185
TNS   : 0.000

Type  : Fast 1200mV 0C Model Hold 'inst_Masterclock|altpll_component|auto_generated|pll1|clk[0]'
Slack : 0.192
TNS   : 0.000

Type  : Fast 1200mV 0C Model Minimum Pulse Width 'clk'
Slack : 9.433
TNS   : 0.000

Type  : Fast 1200mV 0C Model Minimum Pulse Width 'inst_Masterclock|altpll_component|auto_generated|pll1|clk[0]'
Slack : 97.451
TNS   : 0.000

------------------------------------------------------------
